iwmap 4
"000_Global" flags  active
"The Map" flags 
// entity 0
{
"origin" "-404 1216 -640"
"spawnflags" "1024"
"waterdirection " "80"
"classname" "worldspawn"
"northyaw" "225"
"skyboxmodel" "skybox_pel1"
"sundirection" "-40.5026 38.2786 0"
"suncolor" "1 0.9254 0.8627"
"sunlight" "1"
"sundiffusecolor" "0.255 0.34078 0.427451"
"diffusefraction" "0.175"
"_color" "0.245 0.231 0.2135"
"ambient" "0.15"
"sunradiosity" "1.3"
"radiosityscale" ".75"
"contrastgain" ".8"
// brush 0
 {
  mesh
  {
  toolFlags;
   fg42_chalk
   lightmap_gray
   2 2 16 8
   (
	v 17 0 -6 t -1024 0 1.0625 0.375
	v -27 0 -6 t 0 0 -1.6875 0.375
   )
   (
	v 17 0 5 t -1024 -1024 1.0625 -0.3125
	v -27 0 5 t 0 -1024 -1.6875 -0.3125
   )
  }
 }
}
// entity 1
{
"angles" "0 0 0"
"targetname" "fg42_bipod"
"origin" "0.0 0.0 0.0"
"model" "weapon_ger_fg42_bipod_lmg"
"classname" "script_model"
}
// entity 2
{
"script_noteworthy" "fg42_bipod"
"angles" "0 0 0"
"origin" "0 0 0"
"zombie_weapon_upgrade" "zombie_fg42"
"targetname" "weapon_upgrade"
"target" "fg42_bipod"
"classname" "trigger_use"
// brush 0
{
 ( 24 0 -5 ) ( -24 0 -5 ) ( -24 -4 -5 ) trigger 64 64 0 0 0 0 lightmap_gray 16384 16384 0 0 0 0
 ( -24 -4 4 ) ( -24 0 4 ) ( 24 0 4 ) trigger 64 64 0 0 0 0 lightmap_gray 16384 16384 0 0 0 0
 ( -24 -3 1 ) ( 24 -3 1 ) ( 24 -3 -3 ) trigger 64 64 0 -1 0 0 lightmap_gray 16384 16384 0 -1 0 0
 ( 15 -4 1 ) ( 15 0 1 ) ( 15 0 -3 ) trigger 64 64 0 -1 0 0 lightmap_gray 16384 16384 0 -1 0 0
 ( 24 0 1 ) ( -24 0 1 ) ( -24 0 -3 ) trigger 64 64 0 -1 0 0 lightmap_gray 16384 16384 0 -1 0 0
 ( -24 0 1 ) ( -24 -4 1 ) ( -24 -4 -3 ) trigger 64 64 0 -1 0 0 lightmap_gray 16384 16384 0 -1 0 0
}
}
